// Jest Snapshot v1, https://goo.gl/fbAQLP

exports[`ArticleListItem tests renders correctly 1`] = `
<div>
  <article
    class="box"
  >
    <h2
      class="header"
    >
      A title
    </h2>
    <div
      class="box"
    >
      <button
        class="button"
      >
        show more
      </button>
    </div>
  </article>
</div>
`;
